// Jest Snapshot v1, https://goo.gl/fbAQLP

exports[`LoginButton matches snapshot 1`] = `
<div
  className="container"
>
  <button
    className="login"
    onClick={[Function]}
  >
    Log In
  </button>
</div>
`;
